0 CBbC
0 CBbCB
0 CBbCBa
0 CBbCBac
0 CBbCBacB
0 CBbCBacBb
0 CBbCBacBbA
0 CBbCBacBbAa
0 CBbCBacBbAab
0 CBbCBacBbAabC
0 CBbCBacBbAabCA
0 CBbCBacBbAabCAc
0 CBbCBacBbAabCAcB
0 CBbCBacBbAabCAcBc
0 CBbCBacBbAabCAcBcc
0 CBbCBacBbAabCAcBcca
0 CBbCBacBbAabCAcBccaB
0 CBbCBacBbAabCAcBccaBA
0 CBbCBacBbAabCAcBccaBAc
0 CBbCBacBbAabCAcBccaBAcc
0 CBbCBacBbAabCAcBccaBAccC
0 CBbCBacBbAabCAcBccaBAccCA
0 CBbCBacBbAabCAcBccaBAccCAa
0 CBbCBacBbAabCAcBccaBAccCAaB
0 CBbCBacBbAabCAcBccaBAccCAaBc
0 CBbCBacBbAabCAcBccaBAccCAaBcB
0 CBbCBacBbAabCAcBccaBAccCAaBcBC
0 CBbCBacBbAabCAcBccaBAccCAaBcBCa
0 CBbCBacBbAabCAcBccaBAccCAaBcBCaC
0 CBbCBacBbAabCAcBccaBAccCAaBcBCaCc
0 CBbCBacBbAabCAcBccaBAccCAaBcBCaCcb
0 CBbCBacBbAabCAcBccaBAccCAaBcBCaCcbb
0 CBbCBacBbAabCAcBccaBAccCAaBcBCaCcbba
0 CBbCBacBbAabCAcBccaBAccCAaBcBCaCcbbaC
0 CBbCBacBbAabCAcBccaBAccCAaBcBCaCcbbaCC
0 CBbCBacBbAabCAcBccaBAccCAaBcBCaCcbbaCCA
0 CBbCBacBbAabCAcBccaBAccCAaBcBCaCcbbaCCAb
0 CBbCBacBbAabCAcBccaBAccCAaBcBCaCcbbaCCAbC
0 CBbCBacBbAabCAcBccaBAccCAaBcBCaCcbbaCCAbCA
0 CBbCBacBbAabCAcBccaBAccCAaBcBCaCcbbaCCAbCAa
0 CBbCBacBbAabCAcBccaBAccCAaBcBCaCcbbaCCAbCAaA
0 CBbCBacBbAabCAcBccaBAccCAaBcBCaCcbbaCCAbCAaAb
0 CBbCBacBbAabCAcBccaBAccCAaBcBCaCcbbaCCAbCAaAbA
0 CBbCBacBbAabCAcBccaBAccCAaBcBCaCcbbaCCAbCAaAbAb
0 CBbCBacBbAabCAcBccaBAccCAaBcBCaCcbbaCCAbCAaAbAbc
0 CBbCBacBbAabCAcBccaBAccCAaBcBCaCcbbaCCAbCAaAbAbcC
0 CBbCBacBbAabCAcBccaBAccCAaBcBCaCcbbaCCAbCAaAbAbcCb
0 CBbCBacBbAabCAcBccaBAccCAaBcBCaCcbbaCCAbCAaAbAbcCbB
0 CBbCBacBbAabCAcBccaBAccCAaBcBCaCcbbaCCAbCAaAbAbcCbBb
0 CBbCBacBbAabCAcBccaBAccCAaBcBCaCcbbaCCAbCAaAbAbcCbBbb
0 CBbCBacBbAabCAcBccaBAccCAaBcBCaCcbbaCCAbCAaAbAbcCbBbbC
0 CBbCBacBbAabCAcBccaBAccCAaBcBCaCcbbaCCAbCAaAbAbcCbBbbCa
0 CBbCBacBbAabCAcBccaBAccCAaBcBCaCcbbaCCAbCAaAbAbcCbBbbCac
0 CBbCBacBbAabCAcBccaBAccCAaBcBCaCcbbaCCAbCAaAbAbcCbBbbCacA
0 CBbCBacBbAabCAcBccaBAccCAaBcBCaCcbbaCCAbCAaAbAbcCbBbbCacAA
0 CBbCBacBbAabCAcBccaBAccCAaBcBCaCcbbaCCAbCAaAbAbcCbBbbCacAAB
0 CBbCBacBbAabCAcBccaBAccCAaBcBCaCcbbaCCAbCAaAbAbcCbBbbCacAABa
0 CBbCBacBbAabCAcBccaBAccCAaBcBCaCcbbaCCAbCAaAbAbcCbBbbCacAABaA
0 CBbCBacBbAabCAcBccaBAccCAaBcBCaCcbbaCCAbCAaAbAbcCbBbbCacAABaAb
0 CBbCBacBbAabCAcBccaBAccCAaBcBCaCcbbaCCAbCAaAbAbcCbBbbCacAABaAbb
0 CBbCBacBbAabCAcBccaBAccCAaBcBCaCcbbaCCAbCAaAbAbcCbBbbCacAABaAbbb
0 CBbCBacBbAabCAcBccaBAccCAaBcBCaCcbbaCCAbCAaAbAbcCbBbbCacAABaAbbbb
0 CBbCBacBbAabCAcBccaBAccCAaBcBCaCcbbaCCAbCAaAbAbcCbBbbCacAABaAbbbbA
0 CBbCBacBbAabCAcBccaBAccCAaBcBCaCcbbaCCAbCAaAbAbcCbBbbCacAABaAbbbbAa
0 CBbCBacBbAabCAcBccaBAccCAaBcBCaCcbbaCCAbCAaAbAbcCbBbbCacAABaAbbbbAaC
0 CBbCBacBbAabCAcBccaBAccCAaBcBCaCcbbaCCAbCAaAbAbcCbBbbCacAABaAbbbbAaCB
0 CBbCBacBbAabCAcBccaBAccCAaBcBCaCcbbaCCAbCAaAbAbcCbBbbCacAABaAbbbbAaCBC
0 CBbCBacBbAabCAcBccaBAccCAaBcBCaCcbbaCCAbCAaAbAbcCbBbbCacAABaAbbbbAaCBCC
0 CBbCBacBbAabCAcBccaBAccCAaBcBCaCcbbaCCAbCAaAbAbcCbBbbCacAABaAbbbbAaCBCCB
0 CBbCBacBbAabCAcBccaBAccCAaBcBCaCcbbaCCAbCAaAbAbcCbBbbCacAABaAbbbbAaCBCCBB
0 CBbCBacBbAabCAcBccaBAccCAaBcBCaCcbbaCCAbCAaAbAbcCbBbbCacAABaAbbbbAaCBCCBBc
0 CBbCBacBbAabCAcBccaBAccCAaBcBCaCcbbaCCAbCAaAbAbcCbBbbCacAABaAbbbbAaCBCCBBcB
0 CBbCBacBbAabCAcBccaBAccCAaBcBCaCcbbaCCAbCAaAbAbcCbBbbCacAABaAbbbbAaCBCCBBcBa
0 CBbCBacBbAabCAcBccaBAccCAaBcBCaCcbbaCCAbCAaAbAbcCbBbbCacAABaAbbbbAaCBCCBBcBab
0 CBbCBacBbAabCAcBccaBAccCAaBcBCaCcbbaCCAbCAaAbAbcCbBbbCacAABaAbbbbAaCBCCBBcBabb
0 CBbCBacBbAabCAcBccaBAccCAaBcBCaCcbbaCCAbCAaAbAbcCbBbbCacAABaAbbbbAaCBCCBBcBabbb
0 CBbCBacBbAabCAcBccaBAccCAaBcBCaCcbbaCCAbCAaAbAbcCbBbbCacAABaAbbbbAaCBCCBBcBabbbb
0 CBbCBacBbAabCAcBccaBAccCAaBcBCaCcbbaCCAbCAaAbAbcCbBbbCacAABaAbbbbAaCBCCBBcBabbbbB
0 CBbCBacBbAabCAcBccaBAccCAaBcBCaCcbbaCCAbCAaAbAbcCbBbbCacAABaAbbbbAaCBCCBBcBabbbbBa
0 CBbCBacBbAabCAcBccaBAccCAaBcBCaCcbbaCCAbCAaAbAbcCbBbbCacAABaAbbbbAaCBCCBBcBabbbbBac
0 CBbCBacBbAabCAcBccaBAccCAaBcBCaCcbbaCCAbCAaAbAbcCbBbbCacAABaAbbbbAaCBCCBBcBabbbbBacA
0 CBbCBacBbAabCAcBccaBAccCAaBcBCaCcbbaCCAbCAaAbAbcCbBbbCacAABaAbbbbAaCBCCBBcBabbbbBacAA
0 CBbCBacBbAabCAcBccaBAccCAaBcBCaCcbbaCCAbCAaAbAbcCbBbbCacAABaAbbbbAaCBCCBBcBabbbbBacAAc
0 CBbCBacBbAabCAcBccaBAccCAaBcBCaCcbbaCCAbCAaAbAbcCbBbbCacAABaAbbbbAaCBCCBBcBabbbbBacAAcA
0 CBbCBacBbAabCAcBccaBAccCAaBcBCaCcbbaCCAbCAaAbAbcCbBbbCacAABaAbbbbAaCBCCBBcBabbbbBacAAcAB
0 CBbCBacBbAabCAcBccaBAccCAaBcBCaCcbbaCCAbCAaAbAbcCbBbbCacAABaAbbbbAaCBCCBBcBabbbbBacAAcABa
0 CBbCBacBbAabCAcBccaBAccCAaBcBCaCcbbaCCAbCAaAbAbcCbBbbCacAABaAbbbbAaCBCCBBcBabbbbBacAAcABaC
0 CBbCBacBbAabCAcBccaBAccCAaBcBCaCcbbaCCAbCAaAbAbcCbBbbCacAABaAbbbbAaCBCCBBcBabbbbBacAAcABaCC
0 CBbCBacBbAabCAcBccaBAccCAaBcBCaCcbbaCCAbCAaAbAbcCbBbbCacAABaAbbbbAaCBCCBBcBabbbbBacAAcABaCCC
0 CBbCBacBbAabCAcBccaBAccCAaBcBCaCcbbaCCAbCAaAbAbcCbBbbCacAABaAbbbbAaCBCCBBcBabbbbBacAAcABaCCCa
0 CBbCBacBbAabCAcBccaBAccCAaBcBCaCcbbaCCAbCAaAbAbcCbBbbCacAABaAbbbbAaCBCCBBcBabbbbBacAAcABaCCCaA
0 CBbCBacBbAabCAcBccaBAccCAaBcBCaCcbbaCCAbCAaAbAbcCbBbbCacAABaAbbbbAaCBCCBBcBabbbbBacAAcABaCCCaAa
0 CBbCBacBbAabCAcBccaBAccCAaBcBCaCcbbaCCAbCAaAbAbcCbBbbCacAABaAbbbbAaCBCCBBcBabbbbBacAAcABaCCCaAaA
0 CBbCBacBbAabCAcBccaBAccCAaBcBCaCcbbaCCAbCAaAbAbcCbBbbCacAABaAbbbbAaCBCCBBcBabbbbBacAAcABaCCCaAaAB
0 CBbCBacBbAabCAcBccaBAccCAaBcBCaCcbbaCCAbCAaAbAbcCbBbbCacAABaAbbbbAaCBCCBBcBabbbbBacAAcABaCCCaAaABB
0 CBbCBacBbAabCAcBccaBAccCAaBcBCaCcbbaCCAbCAaAbAbcCbBbbCacAABaAbbbbAaCBCCBBcBabbbbBacAAcABaCCCaAaABBB
0 CBbCBacBbAabCAcBccaBAccCAaBcBCaCcbbaCCAbCAaAbAbcCbBbbCacAABaAbbbbAaCBCCBBcBabbbbBacAAcABaCCCaAaABBBB
3 CBac
3 CBacB
3 CBacBb
3 CBacBbA
3 CBacBbAa
3 CBacBbAab
3 CBacBbAabC
3 CBacBbAabCA
3 CBacBbAabCAc
3 CBacBbAabCAcB
3 CBacBbAabCAcBc
3 CBacBbAabCAcBcc
3 CBacBbAabCAcBcca
3 CBacBbAabCAcBccaB
3 CBacBbAabCAcBccaBA
3 CBacBbAabCAcBccaBAc
3 CBacBbAabCAcBccaBAcc
3 CBacBbAabCAcBccaBAccC
3 CBacBbAabCAcBccaBAccCA
3 CBacBbAabCAcBccaBAccCAa
3 CBacBbAabCAcBccaBAccCAaB
3 CBacBbAabCAcBccaBAccCAaBc
3 CBacBbAabCAcBccaBAccCAaBcB
3 CBacBbAabCAcBccaBAccCAaBcBC
3 CBacBbAabCAcBccaBAccCAaBcBCa
3 CBacBbAabCAcBccaBAccCAaBcBCaC
3 CBacBbAabCAcBccaBAccCAaBcBCaCc
3 CBacBbAabCAcBccaBAccCAaBcBCaCcb
3 CBacBbAabCAcBccaBAccCAaBcBCaCcbb
3 CBacBbAabCAcBccaBAccCAaBcBCaCcbba
3 CBacBbAabCAcBccaBAccCAaBcBCaCcbbaC
3 CBacBbAabCAcBccaBAccCAaBcBCaCcbbaCC
3 CBacBbAabCAcBccaBAccCAaBcBCaCcbbaCCA
3 CBacBbAabCAcBccaBAccCAaBcBCaCcbbaCCAb
3 CBacBbAabCAcBccaBAccCAaBcBCaCcbbaCCAbC
3 CBacBbAabCAcBccaBAccCAaBcBCaCcbbaCCAbCA
3 CBacBbAabCAcBccaBAccCAaBcBCaCcbbaCCAbCAa
3 CBacBbAabCAcBccaBAccCAaBcBCaCcbbaCCAbCAaA
3 CBacBbAabCAcBccaBAccCAaBcBCaCcbbaCCAbCAaAb
3 CBacBbAabCAcBccaBAccCAaBcBCaCcbbaCCAbCAaAbA
3 CBacBbAabCAcBccaBAccCAaBcBCaCcbbaCCAbCAaAbAb
3 CBacBbAabCAcBccaBAccCAaBcBCaCcbbaCCAbCAaAbAbc
3 CBacBbAabCAcBccaBAccCAaBcBCaCcbbaCCAbCAaAbAbcC
3 CBacBbAabCAcBccaBAccCAaBcBCaCcbbaCCAbCAaAbAbcCb
3 CBacBbAabCAcBccaBAccCAaBcBCaCcbbaCCAbCAaAbAbcCbB
3 CBacBbAabCAcBccaBAccCAaBcBCaCcbbaCCAbCAaAbAbcCbBb
3 CBacBbAabCAcBccaBAccCAaBcBCaCcbbaCCAbCAaAbAbcCbBbb
3 CBacBbAabCAcBccaBAccCAaBcBCaCcbbaCCAbCAaAbAbcCbBbbC
3 CBacBbAabCAcBccaBAccCAaBcBCaCcbbaCCAbCAaAbAbcCbBbbCa
3 CBacBbAabCAcBccaBAccCAaBcBCaCcbbaCCAbCAaAbAbcCbBbbCac
3 CBacBbAabCAcBccaBAccCAaBcBCaCcbbaCCAbCAaAbAbcCbBbbCacA
3 CBacBbAabCAcBccaBAccCAaBcBCaCcbbaCCAbCAaAbAbcCbBbbCacAA
3 CBacBbAabCAcBccaBAccCAaBcBCaCcbbaCCAbCAaAbAbcCbBbbCacAAB
3 CBacBbAabCAcBccaBAccCAaBcBCaCcbbaCCAbCAaAbAbcCbBbbCacAABa
3 CBacBbAabCAcBccaBAccCAaBcBCaCcbbaCCAbCAaAbAbcCbBbbCacAABaA
3 CBacBbAabCAcBccaBAccCAaBcBCaCcbbaCCAbCAaAbAbcCbBbbCacAABaAb
3 CBacBbAabCAcBccaBAccCAaBcBCaCcbbaCCAbCAaAbAbcCbBbbCacAABaAbb
3 CBacBbAabCAcBccaBAccCAaBcBCaCcbbaCCAbCAaAbAbcCbBbbCacAABaAbbb
3 CBacBbAabCAcBccaBAccCAaBcBCaCcbbaCCAbCAaAbAbcCbBbbCacAABaAbbbb
3 CBacBbAabCAcBccaBAccCAaBcBCaCcbbaCCAbCAaAbAbcCbBbbCacAABaAbbbbA
3 CBacBbAabCAcBccaBAccCAaBcBCaCcbbaCCAbCAaAbAbcCbBbbCacAABaAbbbbAa
3 CBacBbAabCAcBccaBAccCAaBcBCaCcbbaCCAbCAaAbAbcCbBbbCacAABaAbbbbAaC
3 CBacBbAabCAcBccaBAccCAaBcBCaCcbbaCCAbCAaAbAbcCbBbbCacAABaAbbbbAaCB
3 CBacBbAabCAcBccaBAccCAaBcBCaCcbbaCCAbCAaAbAbcCbBbbCacAABaAbbbbAaCBC
3 CBacBbAabCAcBccaBAccCAaBcBCaCcbbaCCAbCAaAbAbcCbBbbCacAABaAbbbbAaCBCC
3 CBacBbAabCAcBccaBAccCAaBcBCaCcbbaCCAbCAaAbAbcCbBbbCacAABaAbbbbAaCBCCB
3 CBacBbAabCAcBccaBAccCAaBcBCaCcbbaCCAbCAaAbAbcCbBbbCacAABaAbbbbAaCBCCBB
3 CBacBbAabCAcBccaBAccCAaBcBCaCcbbaCCAbCAaAbAbcCbBbbCacAABaAbbbbAaCBCCBBc
3 CBacBbAabCAcBccaBAccCAaBcBCaCcbbaCCAbCAaAbAbcCbBbbCacAABaAbbbbAaCBCCBBcB
3 CBacBbAabCAcBccaBAccCAaBcBCaCcbbaCCAbCAaAbAbcCbBbbCacAABaAbbbbAaCBCCBBcBa
3 CBacBbAabCAcBccaBAccCAaBcBCaCcbbaCCAbCAaAbAbcCbBbbCacAABaAbbbbAaCBCCBBcBab
3 CBacBbAabCAcBccaBAccCAaBcBCaCcbbaCCAbCAaAbAbcCbBbbCacAABaAbbbbAaCBCCBBcBabb
3 CBacBbAabCAcBccaBAccCAaBcBCaCcbbaCCAbCAaAbAbcCbBbbCacAABaAbbbbAaCBCCBBcBabbb
3 CBacBbAabCAcBccaBAccCAaBcBCaCcbbaCCAbCAaAbAbcCbBbbCacAABaAbbbbAaCBCCBBcBabbbb
3 CBacBbAabCAcBccaBAccCAaBcBCaCcbbaCCAbCAaAbAbcCbBbbCacAABaAbbbbAaCBCCBBcBabbbbB
3 CBacBbAabCAcBccaBAccCAaBcBCaCcbbaCCAbCAaAbAbcCbBbbCacAABaAbbbbAaCBCCBBcBabbbbBa
3 CBacBbAabCAcBccaBAccCAaBcBCaCcbbaCCAbCAaAbAbcCbBbbCacAABaAbbbbAaCBCCBBcBabbbbBac
3 CBacBbAabCAcBccaBAccCAaBcBCaCcbbaCCAbCAaAbAbcCbBbbCacAABaAbbbbAaCBCCBBcBabbbbBacA
3 CBacBbAabCAcBccaBAccCAaBcBCaCcbbaCCAbCAaAbAbcCbBbbCacAABaAbbbbAaCBCCBBcBabbbbBacAA
3 CBacBbAabCAcBccaBAccCAaBcBCaCcbbaCCAbCAaAbAbcCbBbbCacAABaAbbbbAaCBCCBBcBabbbbBacAAc
3 CBacBbAabCAcBccaBAccCAaBcBCaCcbbaCCAbCAaAbAbcCbBbbCacAABaAbbbbAaCBCCBBcBabbbbBacAAcA
3 CBacBbAabCAcBccaBAccCAaBcBCaCcbbaCCAbCAaAbAbcCbBbbCacAABaAbbbbAaCBCCBBcBabbbbBacAAcAB
3 CBacBbAabCAcBccaBAccCAaBcBCaCcbbaCCAbCAaAbAbcCbBbbCacAABaAbbbbAaCBCCBBcBabbbbBacAAcABa
3 CBacBbAabCAcBccaBAccCAaBcBCaCcbbaCCAbCAaAbAbcCbBbbCacAABaAbbbbAaCBCCBBcBabbbbBacAAcABaC
3 CBacBbAabCAcBccaBAccCAaBcBCaCcbbaCCAbCAaAbAbcCbBbbCacAABaAbbbbAaCBCCBBcBabbbbBacAAcABaCC
3 CBacBbAabCAcBccaBAccCAaBcBCaCcbbaCCAbCAaAbAbcCbBbbCacAABaAbbbbAaCBCCBBcBabbbbBacAAcABaCCC
3 CBacBbAabCAcBccaBAccCAaBcBCaCcbbaCCAbCAaAbAbcCbBbbCacAABaAbbbbAaCBCCBBcBabbbbBacAAcABaCCCa
3 CBacBbAabCAcBccaBAccCAaBcBCaCcbbaCCAbCAaAbAbcCbBbbCacAABaAbbbbAaCBCCBBcBabbbbBacAAcABaCCCaA
3 CBacBbAabCAcBccaBAccCAaBcBCaCcbbaCCAbCAaAbAbcCbBbbCacAABaAbbbbAaCBCCBBcBabbbbBacAAcABaCCCaAa
3 CBacBbAabCAcBccaBAccCAaBcBCaCcbbaCCAbCAaAbAbcCbBbbCacAABaAbbbbAaCBCCBBcBabbbbBacAAcABaCCCaAaA
3 CBacBbAabCAcBccaBAccCAaBcBCaCcbbaCCAbCAaAbAbcCbBbbCacAABaAbbbbAaCBCCBBcBabbbbBacAAcABaCCCaAaAB
3 CBacBbAabCAcBccaBAccCAaBcBCaCcbbaCCAbCAaAbAbcCbBbbCacAABaAbbbbAaCBCCBBcBabbbbBacAAcABaCCCaAaABB
3 CBacBbAabCAcBccaBAccCAaBcBCaCcbbaCCAbCAaAbAbcCbBbbCacAABaAbbbbAaCBCCBBcBabbbbBacAAcABaCCCaAaABBB
3 CBacBbAabCAcBccaBAccCAaBcBCaCcbbaCCAbCAaAbAbcCbBbbCacAABaAbbbbAaCBCCBBcBabbbbBacAAcABaCCCaAaABBBB
6 cBbA
6 cBbAa
6 cBbAab
6 cBbAabC
6 cBbAabCA
6 cBbAabCAc
6 cBbAabCAcB
6 cBbAabCAcBc
6 cBbAabCAcBcc
6 cBbAabCAcBcca
6 cBbAabCAcBccaB
6 cBbAabCAcBccaBA
6 cBbAabCAcBccaBAc
6 cBbAabCAcBccaBAcc
6 cBbAabCAcBccaBAccC
6 cBbAabCAcBccaBAccCA
6 cBbAabCAcBccaBAccCAa
6 cBbAabCAcBccaBAccCAaB
6 cBbAabCAcBccaBAccCAaBc
6 cBbAabCAcBccaBAccCAaBcB
6 cBbAabCAcBccaBAccCAaBcBC
6 cBbAabCAcBccaBAccCAaBcBCa
6 cBbAabCAcBccaBAccCAaBcBCaC
6 cBbAabCAcBccaBAccCAaBcBCaCc
6 cBbAabCAcBccaBAccCAaBcBCaCcb
6 cBbAabCAcBccaBAccCAaBcBCaCcbb
6 cBbAabCAcBccaBAccCAaBcBCaCcbba
6 cBbAabCAcBccaBAccCAaBcBCaCcbbaC
6 cBbAabCAcBccaBAccCAaBcBCaCcbbaCC
6 cBbAabCAcBccaBAccCAaBcBCaCcbbaCCA
6 cBbAabCAcBccaBAccCAaBcBCaCcbbaCCAb
6 cBbAabCAcBccaBAccCAaBcBCaCcbbaCCAbC
6 cBbAabCAcBccaBAccCAaBcBCaCcbbaCCAbCA
6 cBbAabCAcBccaBAccCAaBcBCaCcbbaCCAbCAa
6 cBbAabCAcBccaBAccCAaBcBCaCcbbaCCAbCAaA
6 cBbAabCAcBccaBAccCAaBcBCaCcbbaCCAbCAaAb
6 cBbAabCAcBccaBAccCAaBcBCaCcbbaCCAbCAaAbA
6 cBbAabCAcBccaBAccCAaBcBCaCcbbaCCAbCAaAbAb
6 cBbAabCAcBccaBAccCAaBcBCaCcbbaCCAbCAaAbAbc
6 cBbAabCAcBccaBAccCAaBcBCaCcbbaCCAbCAaAbAbcC
6 cBbAabCAcBccaBAccCAaBcBCaCcbbaCCAbCAaAbAbcCb
6 cBbAabCAcBccaBAccCAaBcBCaCcbbaCCAbCAaAbAbcCbB
6 cBbAabCAcBccaBAccCAaBcBCaCcbbaCCAbCAaAbAbcCbBb
6 cBbAabCAcBccaBAccCAaBcBCaCcbbaCCAbCAaAbAbcCbBbb
6 cBbAabCAcBccaBAccCAaBcBCaCcbbaCCAbCAaAbAbcCbBbbC
6 cBbAabCAcBccaBAccCAaBcBCaCcbbaCCAbCAaAbAbcCbBbbCa
6 cBbAabCAcBccaBAccCAaBcBCaCcbbaCCAbCAaAbAbcCbBbbCac
6 cBbAabCAcBccaBAccCAaBcBCaCcbbaCCAbCAaAbAbcCbBbbCacA
6 cBbAabCAcBccaBAccCAaBcBCaCcbbaCCAbCAaAbAbcCbBbbCacAA
6 cBbAabCAcBccaBAccCAaBcBCaCcbbaCCAbCAaAbAbcCbBbbCacAAB
6 cBbAabCAcBccaBAccCAaBcBCaCcbbaCCAbCAaAbAbcCbBbbCacAABa
6 cBbAabCAcBccaBAccCAaBcBCaCcbbaCCAbCAaAbAbcCbBbbCacAABaA
6 cBbAabCAcBccaBAccCAaBcBCaCcbbaCCAbCAaAbAbcCbBbbCacAABaAb
6 cBbAabCAcBccaBAccCAaBcBCaCcbbaCCAbCAaAbAbcCbBbbCacAABaAbb
6 cBbAabCAcBccaBAccCAaBcBCaCcbbaCCAbCAaAbAbcCbBbbCacAABaAbbb
6 cBbAabCAcBccaBAccCAaBcBCaCcbbaCCAbCAaAbAbcCbBbbCacAABaAbbbb
6 cBbAabCAcBccaBAccCAaBcBCaCcbbaCCAbCAaAbAbcCbBbbCacAABaAbbbbA
6 cBbAabCAcBccaBAccCAaBcBCaCcbbaCCAbCAaAbAbcCbBbbCacAABaAbbbbAa
6 cBbAabCAcBccaBAccCAaBcBCaCcbbaCCAbCAaAbAbcCbBbbCacAABaAbbbbAaC
6 cBbAabCAcBccaBAccCAaBcBCaCcbbaCCAbCAaAbAbcCbBbbCacAABaAbbbbAaCB
6 cBbAabCAcBccaBAccCAaBcBCaCcbbaCCAbCAaAbAbcCbBbbCacAABaAbbbbAaCBC
6 cBbAabCAcBccaBAccCAaBcBCaCcbbaCCAbCAaAbAbcCbBbbCacAABaAbbbbAaCBCC
6 cBbAabCAcBccaBAccCAaBcBCaCcbbaCCAbCAaAbAbcCbBbbCacAABaAbbbbAaCBCCB
6 cBbAabCAcBccaBAccCAaBcBCaCcbbaCCAbCAaAbAbcCbBbbCacAABaAbbbbAaCBCCBB
6 cBbAabCAcBccaBAccCAaBcBCaCcbbaCCAbCAaAbAbcCbBbbCacAABaAbbbbAaCBCCBBc
6 cBbAabCAcBccaBAccCAaBcBCaCcbbaCCAbCAaAbAbcCbBbbCacAABaAbbbbAaCBCCBBcB
6 cBbAabCAcBccaBAccCAaBcBCaCcbbaCCAbCAaAbAbcCbBbbCacAABaAbbbbAaCBCCBBcBa
6 cBbAabCAcBccaBAccCAaBcBCaCcbbaCCAbCAaAbAbcCbBbbCacAABaAbbbbAaCBCCBBcBab
6 cBbAabCAcBccaBAccCAaBcBCaCcbbaCCAbCAaAbAbcCbBbbCacAABaAbbbbAaCBCCBBcBabb
6 cBbAabCAcBccaBAccCAaBcBCaCcbbaCCAbCAaAbAbcCbBbbCacAABaAbbbbAaCBCCBBcBabbb
6 cBbAabCAcBccaBAccCAaBcBCaCcbbaCCAbCAaAbAbcCbBbbCacAABaAbbbbAaCBCCBBcBabbbb
6 cBbAabCAcBccaBAccCAaBcBCaCcbbaCCAbCAaAbAbcCbBbbCacAABaAbbbbAaCBCCBBcBabbbbB
6 cBbAabCAcBccaBAccCAaBcBCaCcbbaCCAbCAaAbAbcCbBbbCacAABaAbbbbAaCBCCBBcBabbbbBa
6 cBbAabCAcBccaBAccCAaBcBCaCcbbaCCAbCAaAbAbcCbBbbCacAABaAbbbbAaCBCCBBcBabbbbBac
6 cBbAabCAcBccaBAccCAaBcBCaCcbbaCCAbCAaAbAbcCbBbbCacAABaAbbbbAaCBCCBBcBabbbbBacA
6 cBbAabCAcBccaBAccCAaBcBCaCcbbaCCAbCAaAbAbcCbBbbCacAABaAbbbbAaCBCCBBcBabbbbBacAA
6 cBbAabCAcBccaBAccCAaBcBCaCcbbaCCAbCAaAbAbcCbBbbCacAABaAbbbbAaCBCCBBcBabbbbBacAAc
6 cBbAabCAcBccaBAccCAaBcBCaCcbbaCCAbCAaAbAbcCbBbbCacAABaAbbbbAaCBCCBBcBabbbbBacAAcA
6 cBbAabCAcBccaBAccCAaBcBCaCcbbaCCAbCAaAbAbcCbBbbCacAABaAbbbbAaCBCCBBcBabbbbBacAAcAB
6 cBbAabCAcBccaBAccCAaBcBCaCcbbaCCAbCAaAbAbcCbBbbCacAABaAbbbbAaCBCCBBcBabbbbBacAAcABa
6 cBbAabCAcBccaBAccCAaBcBCaCcbbaCCAbCAaAbAbcCbBbbCacAABaAbbbbAaCBCCBBcBabbbbBacAAcABaC
6 cBbAabCAcBccaBAccCAaBcBCaCcbbaCCAbCAaAbAbcCbBbbCacAABaAbbbbAaCBCCBBcBabbbbBacAAcABaCC
6 cBbAabCAcBccaBAccCAaBcBCaCcbbaCCAbCAaAbAbcCbBbbCacAABaAbbbbAaCBCCBBcBabbbbBacAAcABaCCC
6 cBbAabCAcBccaBAccCAaBcBCaCcbbaCCAbCAaAbAbcCbBbbCacAABaAbbbbAaCBCCBBcBabbbbBacAAcABaCCCa
6 cBbAabCAcBccaBAccCAaBcBCaCcbbaCCAbCAaAbAbcCbBbbCacAABaAbbbbAaCBCCBBcBabbbbBacAAcABaCCCaA
6 cBbAabCAcBccaBAccCAaBcBCaCcbbaCCAbCAaAbAbcCbBbbCacAABaAbbbbAaCBCCBBcBabbbbBacAAcABaCCCaAa
6 cBbAabCAcBccaBAccCAaBcBCaCcbbaCCAbCAaAbAbcCbBbbCacAABaAbbbbAaCBCCBBcBabbbbBacAAcABaCCCaAaA
6 cBbAabCAcBccaBAccCAaBcBCaCcbbaCCAbCAaAbAbcCbBbbCacAABaAbbbbAaCBCCBBcBabbbbBacAAcABaCCCaAaAB
6 cBbAabCAcBccaBAccCAaBcBCaCcbbaCCAbCAaAbAbcCbBbbCacAABaAbbbbAaCBCCBBcBabbbbBacAAcABaCCCaAaABB
6 cBbAabCAcBccaBAccCAaBcBCaCcbbaCCAbCAaAbAbcCbBbbCacAABaAbbbbAaCBCCBBcBabbbbBacAAcABaCCCaAaABBB
6 cBbAabCAcBccaBAccCAaBcBCaCcbbaCCAbCAaAbAbcCbBbbCacAABaAbbbbAaCBCCBBcBabbbbBacAAcABaCCCaAaABBBB
14 cBcc
14 cBcca
14 cBccaB
14 cBccaBA
14 cBccaBAc
14 cBccaBAcc
14 cBccaBAccC
14 cBccaBAccCA
14 cBccaBAccCAa
14 cBccaBAccCAaB
14 cBccaBAccCAaBc
14 cBccaBAccCAaBcB
14 cBccaBAccCAaBcBC
14 cBccaBAccCAaBcBCa
14 cBccaBAccCAaBcBCaC
14 cBccaBAccCAaBcBCaCc
14 cBccaBAccCAaBcBCaCcb
14 cBccaBAccCAaBcBCaCcbb
14 cBccaBAccCAaBcBCaCcbba
14 cBccaBAccCAaBcBCaCcbbaC
14 cBccaBAccCAaBcBCaCcbbaCC
14 cBccaBAccCAaBcBCaCcbbaCCA
14 cBccaBAccCAaBcBCaCcbbaCCAb
14 cBccaBAccCAaBcBCaCcbbaCCAbC
14 cBccaBAccCAaBcBCaCcbbaCCAbCA
14 cBccaBAccCAaBcBCaCcbbaCCAbCAa
14 cBccaBAccCAaBcBCaCcbbaCCAbCAaA
14 cBccaBAccCAaBcBCaCcbbaCCAbCAaAb
14 cBccaBAccCAaBcBCaCcbbaCCAbCAaAbA
14 cBccaBAccCAaBcBCaCcbbaCCAbCAaAbAb
14 cBccaBAccCAaBcBCaCcbbaCCAbCAaAbAbc
14 cBccaBAccCAaBcBCaCcbbaCCAbCAaAbAbcC
14 cBccaBAccCAaBcBCaCcbbaCCAbCAaAbAbcCb
14 cBccaBAccCAaBcBCaCcbbaCCAbCAaAbAbcCbB
14 cBccaBAccCAaBcBCaCcbbaCCAbCAaAbAbcCbBb
14 cBccaBAccCAaBcBCaCcbbaCCAbCAaAbAbcCbBbb
14 cBccaBAccCAaBcBCaCcbbaCCAbCAaAbAbcCbBbbC
14 cBccaBAccCAaBcBCaCcbbaCCAbCAaAbAbcCbBbbCa
14 cBccaBAccCAaBcBCaCcbbaCCAbCAaAbAbcCbBbbCac
14 cBccaBAccCAaBcBCaCcbbaCCAbCAaAbAbcCbBbbCacA
14 cBccaBAccCAaBcBCaCcbbaCCAbCAaAbAbcCbBbbCacAA
14 cBccaBAccCAaBcBCaCcbbaCCAbCAaAbAbcCbBbbCacAAB
14 cBccaBAccCAaBcBCaCcbbaCCAbCAaAbAbcCbBbbCacAABa
14 cBccaBAccCAaBcBCaCcbbaCCAbCAaAbAbcCbBbbCacAABaA
14 cBccaBAccCAaBcBCaCcbbaCCAbCAaAbAbcCbBbbCacAABaAb
14 cBccaBAccCAaBcBCaCcbbaCCAbCAaAbAbcCbBbbCacAABaAbb
14 cBccaBAccCAaBcBCaCcbbaCCAbCAaAbAbcCbBbbCacAABaAbbb
14 cBccaBAccCAaBcBCaCcbbaCCAbCAaAbAbcCbBbbCacAABaAbbbb
14 cBccaBAccCAaBcBCaCcbbaCCAbCAaAbAbcCbBbbCacAABaAbbbbA
14 cBccaBAccCAaBcBCaCcbbaCCAbCAaAbAbcCbBbbCacAABaAbbbbAa
14 cBccaBAccCAaBcBCaCcbbaCCAbCAaAbAbcCbBbbCacAABaAbbbbAaC
14 cBccaBAccCAaBcBCaCcbbaCCAbCAaAbAbcCbBbbCacAABaAbbbbAaCB
14 cBccaBAccCAaBcBCaCcbbaCCAbCAaAbAbcCbBbbCacAABaAbbbbAaCBC
14 cBccaBAccCAaBcBCaCcbbaCCAbCAaAbAbcCbBbbCacAABaAbbbbAaCBCC
14 cBccaBAccCAaBcBCaCcbbaCCAbCAaAbAbcCbBbbCacAABaAbbbbAaCBCCB
14 cBccaBAccCAaBcBCaCcbbaCCAbCAaAbAbcCbBbbCacAABaAbbbbAaCBCCBB
14 cBccaBAccCAaBcBCaCcbbaCCAbCAaAbAbcCbBbbCacAABaAbbbbAaCBCCBBc
14 cBccaBAccCAaBcBCaCcbbaCCAbCAaAbAbcCbBbbCacAABaAbbbbAaCBCCBBcB
14 cBccaBAccCAaBcBCaCcbbaCCAbCAaAbAbcCbBbbCacAABaAbbbbAaCBCCBBcBa
14 cBccaBAccCAaBcBCaCcbbaCCAbCAaAbAbcCbBbbCacAABaAbbbbAaCBCCBBcBab
14 cBccaBAccCAaBcBCaCcbbaCCAbCAaAbAbcCbBbbCacAABaAbbbbAaCBCCBBcBabb
14 cBccaBAccCAaBcBCaCcbbaCCAbCAaAbAbcCbBbbCacAABaAbbbbAaCBCCBBcBabbb
14 cBccaBAccCAaBcBCaCcbbaCCAbCAaAbAbcCbBbbCacAABaAbbbbAaCBCCBBcBabbbb
14 cBccaBAccCAaBcBCaCcbbaCCAbCAaAbAbcCbBbbCacAABaAbbbbAaCBCCBBcBabbbbB
14 cBccaBAccCAaBcBCaCcbbaCCAbCAaAbAbcCbBbbCacAABaAbbbbAaCBCCBBcBabbbbBa
14 cBccaBAccCAaBcBCaCcbbaCCAbCAaAbAbcCbBbbCacAABaAbbbbAaCBCCBBcBabbbbBac
14 cBccaBAccCAaBcBCaCcbbaCCAbCAaAbAbcCbBbbCacAABaAbbbbAaCBCCBBcBabbbbBacA
14 cBccaBAccCAaBcBCaCcbbaCCAbCAaAbAbcCbBbbCacAABaAbbbbAaCBCCBBcBabbbbBacAA
14 cBccaBAccCAaBcBCaCcbbaCCAbCAaAbAbcCbBbbCacAABaAbbbbAaCBCCBBcBabbbbBacAAc
14 cBccaBAccCAaBcBCaCcbbaCCAbCAaAbAbcCbBbbCacAABaAbbbbAaCBCCBBcBabbbbBacAAcA
14 cBccaBAccCAaBcBCaCcbbaCCAbCAaAbAbcCbBbbCacAABaAbbbbAaCBCCBBcBabbbbBacAAcAB
14 cBccaBAccCAaBcBCaCcbbaCCAbCAaAbAbcCbBbbCacAABaAbbbbAaCBCCBBcBabbbbBacAAcABa
14 cBccaBAccCAaBcBCaCcbbaCCAbCAaAbAbcCbBbbCacAABaAbbbbAaCBCCBBcBabbbbBacAAcABaC
14 cBccaBAccCAaBcBCaCcbbaCCAbCAaAbAbcCbBbbCacAABaAbbbbAaCBCCBBcBabbbbBacAAcABaCC
14 cBccaBAccCAaBcBCaCcbbaCCAbCAaAbAbcCbBbbCacAABaAbbbbAaCBCCBBcBabbbbBacAAcABaCCC
14 cBccaBAccCAaBcBCaCcbbaCCAbCAaAbAbcCbBbbCacAABaAbbbbAaCBCCBBcBabbbbBacAAcABaCCCa
14 cBccaBAccCAaBcBCaCcbbaCCAbCAaAbAbcCbBbbCacAABaAbbbbAaCBCCBBcBabbbbBacAAcABaCCCaA
14 cBccaBAccCAaBcBCaCcbbaCCAbCAaAbAbcCbBbbCacAABaAbbbbAaCBCCBBcBabbbbBacAAcABaCCCaAa
14 cBccaBAccCAaBcBCaCcbbaCCAbCAaAbAbcCbBbbCacAABaAbbbbAaCBCCBBcBabbbbBacAAcABaCCCaAaA
14 cBccaBAccCAaBcBCaCcbbaCCAbCAaAbAbcCbBbbCacAABaAbbbbAaCBCCBBcBabbbbBacAAcABaCCCaAaAB
14 cBccaBAccCAaBcBCaCcbbaCCAbCAaAbAbcCbBbbCacAABaAbbbbAaCBCCBBcBabbbbBacAAcABaCCCaAaABB
14 cBccaBAccCAaBcBCaCcbbaCCAbCAaAbAbcCbBbbCacAABaAbbbbAaCBCCBBcBabbbbBacAAcABaCCCaAaABBB
14 cBccaBAccCAaBcBCaCcbbaCCAbCAaAbAbcCbBbbCacAABaAbbbbAaCBCCBBcBabbbbBacAAcABaCCCaAaABBBB
27 cBCa
27 cBCaC
27 cBCaCc
27 cBCaCcb
27 cBCaCcbb
27 cBCaCcbba
27 cBCaCcbbaC
27 cBCaCcbbaCC
27 cBCaCcbbaCCA
27 cBCaCcbbaCCAb
27 cBCaCcbbaCCAbC
27 cBCaCcbbaCCAbCA
27 cBCaCcbbaCCAbCAa
27 cBCaCcbbaCCAbCAaA
27 cBCaCcbbaCCAbCAaAb
27 cBCaCcbbaCCAbCAaAbA
27 cBCaCcbbaCCAbCAaAbAb
27 cBCaCcbbaCCAbCAaAbAbc
27 cBCaCcbbaCCAbCAaAbAbcC
27 cBCaCcbbaCCAbCAaAbAbcCb
27 cBCaCcbbaCCAbCAaAbAbcCbB
27 cBCaCcbbaCCAbCAaAbAbcCbBb
27 cBCaCcbbaCCAbCAaAbAbcCbBbb
27 cBCaCcbbaCCAbCAaAbAbcCbBbbC
27 cBCaCcbbaCCAbCAaAbAbcCbBbbCa
27 cBCaCcbbaCCAbCAaAbAbcCbBbbCac
27 cBCaCcbbaCCAbCAaAbAbcCbBbbCacA
27 cBCaCcbbaCCAbCAaAbAbcCbBbbCacAA
27 cBCaCcbbaCCAbCAaAbAbcCbBbbCacAAB
27 cBCaCcbbaCCAbCAaAbAbcCbBbbCacAABa
27 cBCaCcbbaCCAbCAaAbAbcCbBbbCacAABaA
27 cBCaCcbbaCCAbCAaAbAbcCbBbbCacAABaAb
27 cBCaCcbbaCCAbCAaAbAbcCbBbbCacAABaAbb
27 cBCaCcbbaCCAbCAaAbAbcCbBbbCacAABaAbbb
27 cBCaCcbbaCCAbCAaAbAbcCbBbbCacAABaAbbbb
27 cBCaCcbbaCCAbCAaAbAbcCbBbbCacAABaAbbbbA
27 cBCaCcbbaCCAbCAaAbAbcCbBbbCacAABaAbbbbAa
27 cBCaCcbbaCCAbCAaAbAbcCbBbbCacAABaAbbbbAaC
27 cBCaCcbbaCCAbCAaAbAbcCbBbbCacAABaAbbbbAaCB
27 cBCaCcbbaCCAbCAaAbAbcCbBbbCacAABaAbbbbAaCBC
27 cBCaCcbbaCCAbCAaAbAbcCbBbbCacAABaAbbbbAaCBCC
27 cBCaCcbbaCCAbCAaAbAbcCbBbbCacAABaAbbbbAaCBCCB
27 cBCaCcbbaCCAbCAaAbAbcCbBbbCacAABaAbbbbAaCBCCBB
27 cBCaCcbbaCCAbCAaAbAbcCbBbbCacAABaAbbbbAaCBCCBBc
27 cBCaCcbbaCCAbCAaAbAbcCbBbbCacAABaAbbbbAaCBCCBBcB
27 cBCaCcbbaCCAbCAaAbAbcCbBbbCacAABaAbbbbAaCBCCBBcBa
27 cBCaCcbbaCCAbCAaAbAbcCbBbbCacAABaAbbbbAaCBCCBBcBab
27 cBCaCcbbaCCAbCAaAbAbcCbBbbCacAABaAbbbbAaCBCCBBcBabb
27 cBCaCcbbaCCAbCAaAbAbcCbBbbCacAABaAbbbbAaCBCCBBcBabbb
27 cBCaCcbbaCCAbCAaAbAbcCbBbbCacAABaAbbbbAaCBCCBBcBabbbb
27 cBCaCcbbaCCAbCAaAbAbcCbBbbCacAABaAbbbbAaCBCCBBcBabbbbB
27 cBCaCcbbaCCAbCAaAbAbcCbBbbCacAABaAbbbbAaCBCCBBcBabbbbBa
27 cBCaCcbbaCCAbCAaAbAbcCbBbbCacAABaAbbbbAaCBCCBBcBabbbbBac
27 cBCaCcbbaCCAbCAaAbAbcCbBbbCacAABaAbbbbAaCBCCBBcBabbbbBacA
27 cBCaCcbbaCCAbCAaAbAbcCbBbbCacAABaAbbbbAaCBCCBBcBabbbbBacAA
27 cBCaCcbbaCCAbCAaAbAbcCbBbbCacAABaAbbbbAaCBCCBBcBabbbbBacAAc
27 cBCaCcbbaCCAbCAaAbAbcCbBbbCacAABaAbbbbAaCBCCBBcBabbbbBacAAcA
27 cBCaCcbbaCCAbCAaAbAbcCbBbbCacAABaAbbbbAaCBCCBBcBabbbbBacAAcAB
27 cBCaCcbbaCCAbCAaAbAbcCbBbbCacAABaAbbbbAaCBCCBBcBabbbbBacAAcABa
27 cBCaCcbbaCCAbCAaAbAbcCbBbbCacAABaAbbbbAaCBCCBBcBabbbbBacAAcABaC
27 cBCaCcbbaCCAbCAaAbAbcCbBbbCacAABaAbbbbAaCBCCBBcBabbbbBacAAcABaCC
27 cBCaCcbbaCCAbCAaAbAbcCbBbbCacAABaAbbbbAaCBCCBBcBabbbbBacAAcABaCCC
27 cBCaCcbbaCCAbCAaAbAbcCbBbbCacAABaAbbbbAaCBCCBBcBabbbbBacAAcABaCCCa
27 cBCaCcbbaCCAbCAaAbAbcCbBbbCacAABaAbbbbAaCBCCBBcBabbbbBacAAcABaCCCaA
27 cBCaCcbbaCCAbCAaAbAbcCbBbbCacAABaAbbbbAaCBCCBBcBabbbbBacAAcABaCCCaAa
27 cBCaCcbbaCCAbCAaAbAbcCbBbbCacAABaAbbbbAaCBCCBBcBabbbbBacAAcABaCCCaAaA
27 cBCaCcbbaCCAbCAaAbAbcCbBbbCacAABaAbbbbAaCBCCBBcBabbbbBacAAcABaCCCaAaAB
27 cBCaCcbbaCCAbCAaAbAbcCbBbbCacAABaAbbbbAaCBCCBBcBabbbbBacAAcABaCCCaAaABB
27 cBCaCcbbaCCAbCAaAbAbcCbBbbCacAABaAbbbbAaCBCCBBcBabbbbBacAAcABaCCCaAaABBB
27 cBCaCcbbaCCAbCAaAbAbcCbBbbCacAABaAbbbbAaCBCCBBcBabbbbBacAAcABaCCCaAaABBBB
32 cbba
32 cbbaC
32 cbbaCC
32 cbbaCCA
32 cbbaCCAb
32 cbbaCCAbC
32 cbbaCCAbCA
32 cbbaCCAbCAa
32 cbbaCCAbCAaA
32 cbbaCCAbCAaAb
32 cbbaCCAbCAaAbA
32 cbbaCCAbCAaAbAb
32 cbbaCCAbCAaAbAbc
32 cbbaCCAbCAaAbAbcC
32 cbbaCCAbCAaAbAbcCb
32 cbbaCCAbCAaAbAbcCbB
32 cbbaCCAbCAaAbAbcCbBb
32 cbbaCCAbCAaAbAbcCbBbb
32 cbbaCCAbCAaAbAbcCbBbbC
32 cbbaCCAbCAaAbAbcCbBbbCa
32 cbbaCCAbCAaAbAbcCbBbbCac
32 cbbaCCAbCAaAbAbcCbBbbCacA
32 cbbaCCAbCAaAbAbcCbBbbCacAA
32 cbbaCCAbCAaAbAbcCbBbbCacAAB
32 cbbaCCAbCAaAbAbcCbBbbCacAABa
32 cbbaCCAbCAaAbAbcCbBbbCacAABaA
32 cbbaCCAbCAaAbAbcCbBbbCacAABaAb
32 cbbaCCAbCAaAbAbcCbBbbCacAABaAbb
32 cbbaCCAbCAaAbAbcCbBbbCacAABaAbbb
32 cbbaCCAbCAaAbAbcCbBbbCacAABaAbbbb
32 cbbaCCAbCAaAbAbcCbBbbCacAABaAbbbbA
32 cbbaCCAbCAaAbAbcCbBbbCacAABaAbbbbAa
32 cbbaCCAbCAaAbAbcCbBbbCacAABaAbbbbAaC
32 cbbaCCAbCAaAbAbcCbBbbCacAABaAbbbbAaCB
32 cbbaCCAbCAaAbAbcCbBbbCacAABaAbbbbAaCBC
32 cbbaCCAbCAaAbAbcCbBbbCacAABaAbbbbAaCBCC
32 cbbaCCAbCAaAbAbcCbBbbCacAABaAbbbbAaCBCCB
32 cbbaCCAbCAaAbAbcCbBbbCacAABaAbbbbAaCBCCBB
32 cbbaCCAbCAaAbAbcCbBbbCacAABaAbbbbAaCBCCBBc
32 cbbaCCAbCAaAbAbcCbBbbCacAABaAbbbbAaCBCCBBcB
32 cbbaCCAbCAaAbAbcCbBbbCacAABaAbbbbAaCBCCBBcBa
32 cbbaCCAbCAaAbAbcCbBbbCacAABaAbbbbAaCBCCBBcBab
32 cbbaCCAbCAaAbAbcCbBbbCacAABaAbbbbAaCBCCBBcBabb
32 cbbaCCAbCAaAbAbcCbBbbCacAABaAbbbbAaCBCCBBcBabbb
32 cbbaCCAbCAaAbAbcCbBbbCacAABaAbbbbAaCBCCBBcBabbbb
32 cbbaCCAbCAaAbAbcCbBbbCacAABaAbbbbAaCBCCBBcBabbbbB
32 cbbaCCAbCAaAbAbcCbBbbCacAABaAbbbbAaCBCCBBcBabbbbBa
32 cbbaCCAbCAaAbAbcCbBbbCacAABaAbbbbAaCBCCBBcBabbbbBac
32 cbbaCCAbCAaAbAbcCbBbbCacAABaAbbbbAaCBCCBBcBabbbbBacA
32 cbbaCCAbCAaAbAbcCbBbbCacAABaAbbbbAaCBCCBBcBabbbbBacAA
32 cbbaCCAbCAaAbAbcCbBbbCacAABaAbbbbAaCBCCBBcBabbbbBacAAc
32 cbbaCCAbCAaAbAbcCbBbbCacAABaAbbbbAaCBCCBBcBabbbbBacAAcA
32 cbbaCCAbCAaAbAbcCbBbbCacAABaAbbbbAaCBCCBBcBabbbbBacAAcAB
32 cbbaCCAbCAaAbAbcCbBbbCacAABaAbbbbAaCBCCBBcBabbbbBacAAcABa
32 cbbaCCAbCAaAbAbcCbBbbCacAABaAbbbbAaCBCCBBcBabbbbBacAAcABaC
32 cbbaCCAbCAaAbAbcCbBbbCacAABaAbbbbAaCBCCBBcBabbbbBacAAcABaCC
32 cbbaCCAbCAaAbAbcCbBbbCacAABaAbbbbAaCBCCBBcBabbbbBacAAcABaCCC
32 cbbaCCAbCAaAbAbcCbBbbCacAABaAbbbbAaCBCCBBcBabbbbBacAAcABaCCCa
32 cbbaCCAbCAaAbAbcCbBbbCacAABaAbbbbAaCBCCBBcBabbbbBacAAcABaCCCaA
32 cbbaCCAbCAaAbAbcCbBbbCacAABaAbbbbAaCBCCBBcBabbbbBacAAcABaCCCaAa
32 cbbaCCAbCAaAbAbcCbBbbCacAABaAbbbbAaCBCCBBcBabbbbBacAAcABaCCCaAaA
32 cbbaCCAbCAaAbAbcCbBbbCacAABaAbbbbAaCBCCBBcBabbbbBacAAcABaCCCaAaAB
32 cbbaCCAbCAaAbAbcCbBbbCacAABaAbbbbAaCBCCBBcBabbbbBacAAcABaCCCaAaABB
32 cbbaCCAbCAaAbAbcCbBbbCacAABaAbbbbAaCBCCBBcBabbbbBacAAcABaCCCaAaABBB
32 cbbaCCAbCAaAbAbcCbBbbCacAABaAbbbbAaCBCCBBcBabbbbBacAAcABaCCCaAaABBBB
48 CbBb
48 CbBbb
48 CbBbbC
48 CbBbbCa
48 CbBbbCac
48 CbBbbCacA
48 CbBbbCacAA
48 CbBbbCacAAB
48 CbBbbCacAABa
48 CbBbbCacAABaA
48 CbBbbCacAABaAb
48 CbBbbCacAABaAbb
48 CbBbbCacAABaAbbb
48 CbBbbCacAABaAbbbb
48 CbBbbCacAABaAbbbbA
48 CbBbbCacAABaAbbbbAa
48 CbBbbCacAABaAbbbbAaC
48 CbBbbCacAABaAbbbbAaCB
48 CbBbbCacAABaAbbbbAaCBC
48 CbBbbCacAABaAbbbbAaCBCC
48 CbBbbCacAABaAbbbbAaCBCCB
48 CbBbbCacAABaAbbbbAaCBCCBB
48 CbBbbCacAABaAbbbbAaCBCCBBc
48 CbBbbCacAABaAbbbbAaCBCCBBcB
48 CbBbbCacAABaAbbbbAaCBCCBBcBa
48 CbBbbCacAABaAbbbbAaCBCCBBcBab
48 CbBbbCacAABaAbbbbAaCBCCBBcBabb
48 CbBbbCacAABaAbbbbAaCBCCBBcBabbb
48 CbBbbCacAABaAbbbbAaCBCCBBcBabbbb
48 CbBbbCacAABaAbbbbAaCBCCBBcBabbbbB
48 CbBbbCacAABaAbbbbAaCBCCBBcBabbbbBa
48 CbBbbCacAABaAbbbbAaCBCCBBcBabbbbBac
48 CbBbbCacAABaAbbbbAaCBCCBBcBabbbbBacA
48 CbBbbCacAABaAbbbbAaCBCCBBcBabbbbBacAA
48 CbBbbCacAABaAbbbbAaCBCCBBcBabbbbBacAAc
48 CbBbbCacAABaAbbbbAaCBCCBBcBabbbbBacAAcA
48 CbBbbCacAABaAbbbbAaCBCCBBcBabbbbBacAAcAB
48 CbBbbCacAABaAbbbbAaCBCCBBcBabbbbBacAAcABa
48 CbBbbCacAABaAbbbbAaCBCCBBcBabbbbBacAAcABaC
48 CbBbbCacAABaAbbbbAaCBCCBBcBabbbbBacAAcABaCC
48 CbBbbCacAABaAbbbbAaCBCCBBcBabbbbBacAAcABaCCC
48 CbBbbCacAABaAbbbbAaCBCCBBcBabbbbBacAAcABaCCCa
48 CbBbbCacAABaAbbbbAaCBCCBBcBabbbbBacAAcABaCCCaA
48 CbBbbCacAABaAbbbbAaCBCCBBcBabbbbBacAAcABaCCCaAa
48 CbBbbCacAABaAbbbbAaCBCCBBcBabbbbBacAAcABaCCCaAaA
48 CbBbbCacAABaAbbbbAaCBCCBBcBabbbbBacAAcABaCCCaAaAB
48 CbBbbCacAABaAbbbbAaCBCCBBcBabbbbBacAAcABaCCCaAaABB
48 CbBbbCacAABaAbbbbAaCBCCBBcBabbbbBacAAcABaCCCaAaABBB
48 CbBbbCacAABaAbbbbAaCBCCBBcBabbbbBacAAcABaCCCaAaABBBB
67 CBCC
67 CBCCB
67 CBCCBB
67 CBCCBBc
67 CBCCBBcB
67 CBCCBBcBa
67 CBCCBBcBab
67 CBCCBBcBabb
67 CBCCBBcBabbb
67 CBCCBBcBabbbb
67 CBCCBBcBabbbbB
67 CBCCBBcBabbbbBa
67 CBCCBBcBabbbbBac
67 CBCCBBcBabbbbBacA
67 CBCCBBcBabbbbBacAA
67 CBCCBBcBabbbbBacAAc
67 CBCCBBcBabbbbBacAAcA
67 CBCCBBcBabbbbBacAAcAB
67 CBCCBBcBabbbbBacAAcABa
67 CBCCBBcBabbbbBacAAcABaC
67 CBCCBBcBabbbbBacAAcABaCC
67 CBCCBBcBabbbbBacAAcABaCCC
67 CBCCBBcBabbbbBacAAcABaCCCa
67 CBCCBBcBabbbbBacAAcABaCCCaA
67 CBCCBBcBabbbbBacAAcABaCCCaAa
67 CBCCBBcBabbbbBacAAcABaCCCaAaA
67 CBCCBBcBabbbbBacAAcABaCCCaAaAB
67 CBCCBBcBabbbbBacAAcABaCCCaAaABB
67 CBCCBBcBabbbbBacAAcABaCCCaAaABBB
67 CBCCBBcBabbbbBacAAcABaCCCaAaABBBB
70 CBBc
70 CBBcB
70 CBBcBa
70 CBBcBab
70 CBBcBabb
70 CBBcBabbb
70 CBBcBabbbb
70 CBBcBabbbbB
70 CBBcBabbbbBa
70 CBBcBabbbbBac
70 CBBcBabbbbBacA
70 CBBcBabbbbBacAA
70 CBBcBabbbbBacAAc
70 CBBcBabbbbBacAAcA
70 CBBcBabbbbBacAAcAB
70 CBBcBabbbbBacAAcABa
70 CBBcBabbbbBacAAcABaC
70 CBBcBabbbbBacAAcABaCC
70 CBBcBabbbbBacAAcABaCCC
70 CBBcBabbbbBacAAcABaCCCa
70 CBBcBabbbbBacAAcABaCCCaA
70 CBBcBabbbbBacAAcABaCCCaAa
70 CBBcBabbbbBacAAcABaCCCaAaA
70 CBBcBabbbbBacAAcABaCCCaAaAB
70 CBBcBabbbbBacAAcABaCCCaAaABB
70 CBBcBabbbbBacAAcABaCCCaAaABBB
70 CBBcBabbbbBacAAcABaCCCaAaABBBB
73 cBab
73 cBabb
73 cBabbb
73 cBabbbb
73 cBabbbbB
73 cBabbbbBa
73 cBabbbbBac
73 cBabbbbBacA
73 cBabbbbBacAA
73 cBabbbbBacAAc
73 cBabbbbBacAAcA
73 cBabbbbBacAAcAB
73 cBabbbbBacAAcABa
73 cBabbbbBacAAcABaC
73 cBabbbbBacAAcABaCC
73 cBabbbbBacAAcABaCCC
73 cBabbbbBacAAcABaCCCa
73 cBabbbbBacAAcABaCCCaA
73 cBabbbbBacAAcABaCCCaAa
73 cBabbbbBacAAcABaCCCaAaA
73 cBabbbbBacAAcABaCCCaAaAB
73 cBabbbbBacAAcABaCCCaAaABB
73 cBabbbbBacAAcABaCCCaAaABBB
73 cBabbbbBacAAcABaCCCaAaABBBB
